[crush.tappi.vn/hgh2.html]
[backblue.gif]
[fade.gif]
[index.html]
[code.jquery.com/jquery-3.4.1.min.js]
[stackpath.bootstrapcdn.com/bootstrap/4.3.1/css/bootstrap.min.css]
[cdnjs.cloudflare.com/ajax/libs/tailwindcss/2.0.3/tailwind.min.css]
[cdnjs.cloudflare.com/ajax/libs/popper.js/1.14.7/umd/popper.min.js]
[stackpath.bootstrapcdn.com/bootstrap/4.3.1/js/bootstrap.min.js]
[crush.tappi.vn/_next/static/css/styles.cf50e730.chunk.css]
[crush.tappi.vn/_next/static/css/353c0a03.0f742b7d.chunk.css]
[crush.tappi.vn/_next/static/chunks/main-066c16417c73e8e66be0.js]
[crush.tappi.vn/_next/static/chunks/webpack-d7b2fb72fb7257504a38.js]
[crush.tappi.vn/_next/static/chunks/framework.4df82c4704a0136f6a4b.js]
[crush.tappi.vn/_next/static/chunks/353c0a03.8f6f5b95f5e92b2c9bcd.js]
[crush.tappi.vn/_next/static/chunks/commons.4a9d2277d75e33fbe8ee.js]
[crush.tappi.vn/_next/static/chunks/styles.2028f6d557c567d180fd.js]
[crush.tappi.vn/_next/static/chunks/pages/_app-66736a27dea556ee364e.js]
[crush.tappi.vn/_next/static/chunks/pages/[username]-b473454be2ff6bd4e94b.js]
[crush.tappi.vn/_next/static/chunks/polyfills-81831f39f624bb56f97c.js]
[crush.tappi.vn/_next/static/bVSKClAKgzqRVumhCI9Vn/_buildManifest.js]
[crush.tappi.vn/_next/static/bVSKClAKgzqRVumhCI9Vn/_ssgManifest.js]
[crush.tappi.vn/hgh2.html]
[stackpath.bootstrapcdn.com/bootstrap/4.3.1/css/bootstrap.min.css]
[cdnjs.cloudflare.com/ajax/libs/tailwindcss/2.0.3/tailwind.min.css]
[crush.tappi.vn/_next/static/css/353c0a03.0f742b7d.chunk.css]
[dunghm98.github.io/img/puung3.jpg]
[crush.tappi.vn/_next/static/css/styles.cf50e730.chunk.css]
